
> my-pokedex@0.1.0 test:ci C:\Users\jaime.paternina\Documents\Personal\Repos\my-pokedex
> jest --ci "src/features/auth/tests/LoginForm.test.tsx"

node.exe : FAIL src/features/auth/tests/LoginForm.test.tsx
At C:\Program Files\nodejs\pnpm.ps1:16 char:5
+     & "$basedir/node$exe"  "$basedir/node_modules/pnpm/bin/pnpm.cjs"  ...
+     ~~~~~~~~~~~~~~~~~~~~~~~~~~~~~~~~~~~~~~~~~~~~~~~~~~~~~~~~~~~~~~~~~
    + CategoryInfo          : NotSpecified: (FAIL src/featur...inForm.test.tsx:String) [], RemoteException
    + FullyQualifiedErrorId : NativeCommandError
 
  LoginForm
    Rendering
      ΓêÜ should render all form fields and submit button (77 ms)
      ΓêÜ should render demo credentials hint (10 ms)
      ΓêÜ should have proper labels associated with inputs (7 ms)
      ΓêÜ should have proper autocomplete attributes (6 ms)
    Client-side Validation
      ΓêÜ should show validation error when username is empty (65 ms)
      ΓêÜ should show validation error when password is empty (34 ms)
      ΓêÜ should show validation errors for both fields when empty (39 ms)
      ΓêÜ should clear field error when user starts typing (65 ms)
      ΓêÜ should focus on first invalid input (35 ms)
    Invalid Login (401)
      ΓêÜ should show error message on invalid credentials (42 ms)
      ΓêÜ should show generic error on server error (32 ms)
    Valid Login (200)
      ΓêÜ should navigate to /pokemons on successful login (33 ms)
      ΓêÜ should call fetch with correct parameters (26 ms)
    Loading State
      ΓêÜ should disable inputs and button while submitting (32 ms)
      ΓêÜ should show loading spinner while submitting (33 ms)
    Accessibility
      ΓêÜ should have proper ARIA attributes on error (30 ms)
      ΓêÜ should announce errors to screen readers (29 ms)
      ├ù should announce global errors with aria-live (1014 ms)

  ΓùÅ LoginForm ΓÇ║ Accessibility ΓÇ║ should announce global errors with aria-live

    expect(element).toHaveAttribute("aria-live", "polite") // element.getAttribute("aria-live") === "polite"

    Expected the element to have attribute:
      aria-live="polite"
    Received:
      null

    Ignored nodes: comments, script, style
    [36m<html>[39m
      [36m<head />[39m
      [36m<body>[39m
        [36m<div>[39m
          [36m<div[39m
            [33mclass[39m=[32m"text-card-foreground flex flex-col gap-6 rounded-xl border py-6 shadow-sm w-full max-w-md bg-white/95 dark:bg-gray-900/95 backdrop-blur-sm 
border-type-electric/20 dark:border-type-electric/30"[39m
            [33mdata-slot[39m=[32m"card"[39m
          [36m>[39m
            [36m<div[39m
              [33mclass[39m=[32m"@container/card-header grid auto-rows-min grid-rows-[auto_auto] items-start gap-2 px-6 has-data-[slot=card-action]:grid-cols-[1fr_auto] 
[.border-b]:pb-6 space-y-3 text-center"[39m
              [33mdata-slot[39m=[32m"card-header"[39m
            [36m>[39m
              [36m<div[39m
                [33mclass[39m=[32m"text-3xl font-bold bg-gradient-to-r from-type-electric via-type-psychic to-type-water bg-clip-text text-transparent"[39m
                [33mdata-slot[39m=[32m"card-title"[39m
              [36m>[39m
                [0mWelcome Back, Trainer![0m
              [36m</div>[39m
              [36m<div[39m
                [33mclass[39m=[32m"text-muted-foreground text-base"[39m
                [33mdata-slot[39m=[32m"card-description"[39m
              [36m>[39m
                [0mSign in to access your Pok├⌐dex[0m
              [36m</div>[39m
            [36m</div>[39m
            [36m<div[39m
              [33mclass[39m=[32m"px-6"[39m
              [33mdata-slot[39m=[32m"card-content"[39m
            [36m>[39m
              [36m<form[39m
                [33mnovalidate[39m=[32m""[39m
              [36m>[39m
                [36m<div[39m
                  [33mclass[39m=[32m"group/field-group @container/field-group flex w-full flex-col gap-7 data-[slot=checkbox-group]:gap-3 
[&>[data-slot=field-group]]:gap-4"[39m
                  [33mdata-slot[39m=[32m"field-group"[39m
                [36m>[39m
                  [36m<div[39m
                    [33mclass[39m=[32m"relative w-full rounded-lg border px-4 py-3 text-sm grid has-[>svg]:grid-cols-[calc(var(--spacing)*4)_1fr] grid-cols-[0_1fr] 
has-[>svg]:gap-x-3 gap-y-0.5 items-start [&>svg]:size-4 [&>svg]:translate-y-0.5 text-destructive bg-card [&>svg]:text-current 
*:data-[slot=alert-description]:text-destructive/90"[39m
                    [33mdata-slot[39m=[32m"alert"[39m
                    [33mrole[39m=[32m"alert"[39m
                  [36m>[39m
                    [36m<div[39m
                      [33mclass[39m=[32m"text-muted-foreground col-start-2 grid justify-items-start gap-1 text-sm [&_p]:leading-relaxed"[39m
                      [33mdata-slot[39m=[32m"alert-description"[39m
                    [36m>[39m
                      [0mΓÜá∩╕Å [0m
                      [0mInvalid username or password[0m
                    [36m</div>[39m
                  [36m</div>[39m
                  [36m<div[39m
                    [33mclass[39m=[32m"group/field flex w-full gap-3 data-[invalid=true]:text-destructive flex-col [&>*]:w-full [&>.sr-only]:w-auto"[39m
                    [33mdata-orientation[39m=[32m"vertical"[39m
                    [33mdata-slot[39m=[32m"field"[39m
                    [33mrole[39m=[32m"group"[39m
                  [36m>[39m
                    [36m<label[39m
                      [33mclass[39m=[32m"items-center text-sm font-medium select-none group-data-[disabled=true]:pointer-events-none 
group-data-[disabled=true]:opacity-50 peer-disabled:cursor-not-allowed peer-disabled:opacity-50 group/field-label peer/field-label flex w-fit gap-2 leading-snug 
group-data-[disabled=true]/field:opacity-50 has-[>[data-slot=field]]:w-full has-[>[data-slot=field]]:flex-col has-[>[data-slot=field]]:rounded-md 
has-[>[data-slot=field]]:border [&>*]:data-[slot=field]:p-4 has-data-[state=checked]:bg-primary/5 has-data-[state=checked]:border-primary 
dark:has-data-[state=checked]:bg-primary/10"[39m
                      [33mdata-slot[39m=[32m"field-label"[39m
                      [33mfor[39m=[32m"username"[39m
                    [36m>[39m
                      [0mUsername[0m
                    [36m</label>[39m
                    [36m<input[39m
                      [33maria-invalid[39m=[32m"false"[39m
                      [33mautocomplete[39m=[32m"username"[39m
                      [33mclass[39m=[32m"file:text-foreground placeholder:text-muted-foreground selection:bg-primary selection:text-primary-foreground dark:bg-input/30 
border-input h-9 w-full min-w-0 rounded-md border bg-transparent px-3 py-1 text-base shadow-xs transition-[color,box-shadow] outline-none file:inline-flex file:h-7 
file:border-0 file:bg-transparent file:text-sm file:font-medium disabled:pointer-events-none disabled:cursor-not-allowed disabled:opacity-50 md:text-sm 
focus-visible:border-ring focus-visible:ring-ring/50 focus-visible:ring-[3px] aria-invalid:ring-destructive/20 dark:aria-invalid:ring-destructive/40 
aria-invalid:border-destructive"[39m
                      [33mdata-slot[39m=[32m"input"[39m
                      [33mid[39m=[32m"username"[39m
                      [33mname[39m=[32m"username"[39m
                      [33mplaceholder[39m=[32m"admin"[39m
                      [33mtype[39m=[32m"text"[39m
                    [36m/>[39m
                  [36m</div>[39m
                  [36m<div[39m
                    [33mclass[39m=[32m"group/field flex w-full gap-3 data-[invalid=true]:text-destructive flex-col [&>*]:w-full [&>.sr-only]:w-auto"[39m
                    [33mdata-orientation[39m=[32m"vertical"[39m
                    [33mdata-slot[39m=[32m"field"[39m
                    [33mrole[39m=[32m"group"[39m
                  [36m>[39m
                    [36m<label[39m
                      [33mclass[39m=[32m"items-center text-sm font-medium select-none group-data-[disabled=true]:pointer-events-none 
group-data-[disabled=true]:opacity-50 peer-disabled:cursor-not-allowed peer-disabled:opacity-50 group/field-label peer/field-label flex w-fit gap-2 leading-snug 
group-data-[disabled=true]/field:opacity-50 has-[>[data-slot=field]]:w-full has-[>[data-slot=field]]:flex-col has-[>[data-slot=field]]:rounded-md 
has-[>[data-slot=field]]:border [&>*]:data-[slot=field]:p-4 has-data-[state=checked]:bg-primary/5 has-data-[state=checked]:border-primary 
dark:has-data-[state=checked]:bg-primary/10"[39m
                      [33mdata-slot[39m=[32m"field-label"[39m
                      [33mfor[39m=[32m"password"[39m
                    [36m>[39m
                      [0mPassword[0m
                    [36m</label>[39m
                    [36m<input[39m
                      [33maria-invalid[39m=[32m"false"[39m
                      [33mautocomplete[39m=[32m"current-password"[39m
                      [33mclass[39m=[32m"file:text-foreground placeholder:text-muted-foreground selection:bg-primary selection:text-primary-foreground dark:bg-input/30 
border-input h-9 w-full min-w-0 rounded-md border bg-transparent px-3 py-1 text-base shadow-xs transition-[color,box-shadow] outline-none file:inline-flex file:h-7 
file:border-0 file:bg-transparent file:text-sm file:font-medium disabled:pointer-events-none disabled:cursor-not-allowed disabled:opacity-50 md:text-sm 
focus-visible:border-ring focus-visible:ring-ring/50 focus-visible:ring-[3px] aria-invalid:ring-destructive/20 dark:aria-invalid:ring-destructive/40 
aria-invalid:border-destructive"[39m
                      [33mdata-slot[39m=[32m"input"[39m
                      [33mid[39m=[32m"password"[39m
                      [33mname[39m=[32m"password"[39m
                      [33mplaceholder[39m=[32m"ΓÇóΓÇóΓÇóΓÇóΓÇóΓÇóΓÇóΓÇó"[39m
                      [33mtype[39m=[32m"password"[39m
                    [36m/>[39m
                  [36m</div>[39m
                  [36m<button[39m
                    [33mclass[39m=[32m"inline-flex items-center justify-center gap-2 whitespace-nowrap rounded-md text-sm font-medium transition-all 
disabled:pointer-events-none disabled:opacity-50 [&_svg]:pointer-events-none [&_svg:not([class*='size-'])]:size-4 shrink-0 [&_svg]:shrink-0 outline-none 
focus-visible:border-ring focus-visible:ring-ring/50 focus-visible:ring-[3px] aria-invalid:ring-destructive/20 dark:aria-invalid:ring-destructive/40 
aria-invalid:border-destructive bg-primary text-primary-foreground hover:bg-primary/90 h-9 px-4 py-2 has-[>svg]:px-3 w-full"[39m
                    [33mdata-slot[39m=[32m"button"[39m
                    [33mtype[39m=[32m"submit"[39m
                  [36m>[39m
                    [0mΓÜí Sign In[0m
                  [36m</button>[39m
                [36m</div>[39m
              [36m</form>[39m
            [36m</div>[39m
            [36m<div[39m
              [33mclass[39m=[32m"flex items-center px-6 [.border-t]:pt-6"[39m
              [33mdata-slot[39m=[32m"card-footer"[39m
            [36m>[39m
              [36m<div[39m
                [33mclass[39m=[32m"w-full p-4 bg-type-water/10 dark:bg-type-water/20 border border-type-water/30 rounded-xl"[39m
              [36m>[39m
                [36m<p[39m
                  [33mclass[39m=[32m"text-center text-sm text-gray-700 dark:text-gray-300"[39m
                [36m>[39m
                  [36m<span[39m
                    [33mclass[39m=[32m"font-bold text-type-water"[39m
                  [36m>[39m
                    [0mDemo Credentials:[0m
                  [36m</span>[39m
                  [36m<br />[39m
                  [36m<span[39m
                    [33mclass[39m=[32m"font-mono font-semibold"[39m
                  [36m>[39m
                    [0madmin / admin[0m
                  [36m</span>[39m
                [36m</p>[39m
              [36m</div>[39m
            [36m</div>[39m
          [36m</div>[39m
        [36m</div>[39m
      [36m</body>[39m
    [36m</html>[39m

    [0m [90m 344 |[39m             [36mawait[39m waitFor(() [33m=>[39m {
     [90m 345 |[39m                 [36mconst[39m errorElement [33m=[39m screen[33m.[39mgetByText([35m/invalid username or password/i[39m)[33m;[39m
    [31m[1m>[22m[39m[90m 346 |[39m                 expect(errorElement)[33m.[39mtoHaveAttribute([32m'aria-live'[39m[33m,[39m [32m'polite'[39m)[33m;[39m
     [90m     |[39m                                      [31m[1m^[22m[39m
     [90m 347 |[39m             })[33m;[39m
     [90m 348 |[39m         })[33m;[39m
     [90m 349 |[39m     })[33m;[39m[0m

      at src/features/auth/tests/LoginForm.test.tsx:346:38
      at runWithExpensiveErrorDiagnosticsDisabled (node_modules/.pnpm/@testing-library+dom@10.4.1/node_modules/@testing-library/dom/dist/config.js:47:12)
      at checkCallback (node_modules/.pnpm/@testing-library+dom@10.4.1/node_modules/@testing-library/dom/dist/wait-for.js:124:77)
      at checkRealTimersCallback (node_modules/.pnpm/@testing-library+dom@10.4.1/node_modules/@testing-library/dom/dist/wait-for.js:118:16)
      at Timeout.task [as _onTimeout] (node_modules/.pnpm/jsdom@20.0.3/node_modules/jsdom/lib/jsdom/browser/Window.js:520:19)

Test Suites: 1 failed, 1 total
Tests:       1 failed, 17 passed, 18 total
Snapshots:   0 total
Time:        4.289 s, estimated 5 s
Ran all test suites matching /src\\features\\auth\\tests\\LoginForm.test.tsx/i.
ΓÇëELIFECYCLEΓÇë Command failed with exit code 1.
